// Jest Snapshot v1, https://goo.gl/fbAQLP

exports[`renders correctly with defaults 1`] = `
<View
  style={
    Object {
      "alignItems": "center",
      "backgroundColor": "yellow",
      "flex": 1,
      "justifyContent": "space-around",
    }
  }
>
  <Text
    accessible={true}
    allowFontScaling={true}
    ellipsizeMode="tail"
    style={
      Object {
        "fontFamily": " 'Century Gothic', monospace sans-serif",
        "fontSize": 24,
        "fontStyle": "italic",
      }
    }
  >
    Hello from the other side
  </Text>
</View>
`;
